../Core/Src/cli.c:49:13:add_to_history	16	static
../Core/Src/cli.c:59:13:cli_play	16	static
../Core/Src/cli.c:66:6:CLI_Init	8	static
../Core/Src/cli.c:74:6:CLI_HistoryNavigate	16	static
../Core/Src/cli.c:102:6:CLI_Process	64	static
../Core/Src/cli.c:139:6:CLI_TabAutocomplete	40	static
../Core/Src/cli.c:181:13:cli_help	152	static
../Core/Src/cli.c:190:13:cli_history	120	static
../Core/Src/cli.c:201:13:cli_led	96	static
../Core/Src/cli.c:215:13:cli_buzzer	88	static
../Core/Src/cli.c:228:13:cli_cls	16	static
